  hello_world  
---------------
 Hello, world!
(1 row)
 hello_cworld 
--------------
            0
(1 row)
 hello_cworld 
--------------
            1
(1 row)
 hello_cworld 
--------------
            1
(1 row)
 hello_cworld 
--------------
            1
(1 row)
